// Jest Snapshot v1, https://goo.gl/fbAQLP

exports[`it renders 1`] = `
<div
  className="sc-bdVaJa fvrKfw"
>
  <div
    className="sc-bwzfXH jRpyJY"
  >
    :senderName
    :
  </div>
  <div
    className="sc-htpNat kdcAzZ"
  >
    <span
      className="sc-bxivhb Igthg"
    >
      :text
    </span>
  </div>
</div>
`;
