// Jest Snapshot v1, https://goo.gl/fbAQLP

exports[`it renders 1`] = `
<div
  className="sc-bdVaJa bJNtdC"
>
  <form
    className="sc-bwzfXH lejAfz"
    onSubmit={[Function]}
  >
    <input
      className="sc-htpNat dOsqdd"
      onChange={[Function]}
      placeholder="Type your message here and hit ENTER!"
      type="text"
      value=""
    />
  </form>
</div>
`;
